fake build failed
